   version      n   rows          fun elapsed heap_highwater_MiB
1      new   1000   3000    DataCheck   0.096               68.4
2      old   1000   3000    DataCheck   0.170               69.9
3      new   3000   9000    DataCheck   0.091               59.9
4      old   3000   9000    DataCheck   0.375               76.6
5      new  10000  30000    DataCheck   0.226               92.2
6      old  10000  30000    DataCheck   1.954               96.5
7      new  30000  90000    DataCheck   0.675              101.1
8      old  30000  90000    DataCheck  15.564              135.2
9      new 100000 300000    DataCheck   2.298              197.6
10     new   1000   3000 DataStandard   0.090               65.6
11     old   1000   3000 DataStandard   0.370               72.9
12     new   3000   9000 DataStandard   0.191               90.6
13     old   3000   9000 DataStandard   1.118               83.3
14     new  10000  30000 DataStandard   0.538              102.6
15     old  10000  30000 DataStandard   5.199              116.4
16     new  30000  90000 DataStandard   1.641              115.2
17     old  30000  90000 DataStandard  37.047              135.9
18     new 100000 300000 DataStandard   5.323              248.7
19     new   1000   3000      Mapping   0.001               35.5
20     old   1000   3000      Mapping   0.000               35.5
21     new   3000   9000      Mapping   0.000               37.0
22     old   3000   9000      Mapping   0.000               37.0
23     new  10000  30000      Mapping   0.000               39.1
24     old  10000  30000      Mapping   0.000               39.1
25     new  30000  90000      Mapping   0.000               45.1
26     old  30000  90000      Mapping   0.000               45.1
27     new 100000 300000      Mapping   0.001               65.9
   heap_increment_MiB  input_MiB   output_MiB
1                32.9  0.3012772  0.021842957
2                34.1  0.3012772  0.021842957
3                22.9  0.8963699  0.021842957
4                39.7  0.8963699  0.021842957
5                53.1  2.9791946  0.021842957
6                57.5  2.9791946  0.021842957
7                56.0  8.9301224  0.021842957
8                90.1  8.9301224  0.021842957
9               130.2 29.7583694  0.021842957
10               29.4  0.3012772  0.421020508
11               36.7  0.3012772  0.421020508
12               53.6  0.8963699  1.145812988
13               46.4  0.8963699  1.145812988
14               63.5  2.9791946  3.682586670
15               77.3  2.9791946  3.682586670
16               70.1  8.9301224 10.930511475
17               90.8  8.9301224 10.930511475
18              181.3 29.7583694 36.298248291
19                0.0  0.3012772  0.002807617
20                0.0  0.3012772  0.002807617
21                0.0  0.8963699  0.002807617
22                0.1  0.8963699  0.002807617
23                0.0  2.9791946  0.002807617
24                0.1  2.9791946  0.002807617
25                0.0  8.9301224  0.002807617
26                0.0  8.9301224  0.002807617
27                0.0 29.7583694  0.002807617
   version     n          fun minimum_bytes allocated_MiB allocations
1      old  3000      Mapping             0       0.00000           0
2      old  3000    DataCheck             0      12.37570         412
3      old  3000 DataStandard             0      31.82446         991
4      new  3000      Mapping             0       0.00000           0
5      new  3000    DataCheck             0      13.79355         456
6      new  3000 DataStandard             0      35.47380        1103
7      old 10000      Mapping          1000       0.00000           0
8      old 10000    DataCheck          1000      37.46449         375
9      old 10000 DataStandard          1000      97.40476         918
10     new 10000      Mapping          1000       0.00000           0
11     new 10000    DataCheck          1000      42.20737         420
12     new 10000 DataStandard          1000     109.60007        1032
   new_page_events
1                0
2             2578
3             2587
4                0
5                0
6              392
7                0
8             2743
9             4702
10               0
11             146
12             148
