 version    n rows     fun replicate elapsed input_MiB  output_MiB
     new 1000 3000 Mapping         1   0.042 0.3012772 0.002807617
 heap_highwater_MiB heap_increment_MiB
               51.6               16.5
 version    n rows     fun replicate elapsed input_MiB  output_MiB
     new 1000 3000 Mapping         2       0 0.3012772 0.002807617
 heap_highwater_MiB heap_increment_MiB
               35.5                  0
 version    n rows     fun replicate elapsed input_MiB  output_MiB
     new 1000 3000 Mapping         3   0.001 0.3012772 0.002807617
 heap_highwater_MiB heap_increment_MiB
               35.5                  0
 version    n rows       fun replicate elapsed input_MiB output_MiB
     new 1000 3000 DataCheck         1   0.096 0.3012772 0.02184296
 heap_highwater_MiB heap_increment_MiB
               68.4               32.9
 version    n rows       fun replicate elapsed input_MiB output_MiB
     new 1000 3000 DataCheck         2   0.729 0.3012772 0.02184296
 heap_highwater_MiB heap_increment_MiB
               71.3               35.6
 version    n rows       fun replicate elapsed input_MiB output_MiB
     new 1000 3000 DataCheck         3   0.041 0.3012772 0.02184296
 heap_highwater_MiB heap_increment_MiB
               49.1                 13
 version    n rows          fun replicate elapsed input_MiB output_MiB
     new 1000 3000 DataStandard         1    0.09 0.3012772  0.4210205
 heap_highwater_MiB heap_increment_MiB
               65.5               29.4
 version    n rows          fun replicate elapsed input_MiB output_MiB
     new 1000 3000 DataStandard         2   0.262 0.3012772  0.4210205
 heap_highwater_MiB heap_increment_MiB
               77.3               41.1
 version    n rows          fun replicate elapsed input_MiB output_MiB
     new 1000 3000 DataStandard         3   0.086 0.3012772  0.4210205
 heap_highwater_MiB heap_increment_MiB
               65.6               29.3
 version    n rows     fun replicate elapsed input_MiB  output_MiB
     new 3000 9000 Mapping         1       0 0.8963699 0.002807617
 heap_highwater_MiB heap_increment_MiB
               37.4                  0
 version    n rows     fun replicate elapsed input_MiB  output_MiB
     new 3000 9000 Mapping         2       0 0.8963699 0.002807617
 heap_highwater_MiB heap_increment_MiB
                 37                  0
 version    n rows     fun replicate elapsed input_MiB  output_MiB
     new 3000 9000 Mapping         3       0 0.8963699 0.002807617
 heap_highwater_MiB heap_increment_MiB
                 37                  0
 version    n rows       fun replicate elapsed input_MiB output_MiB
     new 3000 9000 DataCheck         1   0.091 0.8963699 0.02184296
 heap_highwater_MiB heap_increment_MiB
               59.9               22.9
 version    n rows       fun replicate elapsed input_MiB output_MiB
     new 3000 9000 DataCheck         2   0.094 0.8963699 0.02184296
 heap_highwater_MiB heap_increment_MiB
               59.9               22.9
 version    n rows       fun replicate elapsed input_MiB output_MiB
     new 3000 9000 DataCheck         3   0.088 0.8963699 0.02184296
 heap_highwater_MiB heap_increment_MiB
               59.9               22.9
 version    n rows          fun replicate elapsed input_MiB output_MiB
     new 3000 9000 DataStandard         1   0.191 0.8963699   1.145813
 heap_highwater_MiB heap_increment_MiB
               90.6               53.6
 version    n rows          fun replicate elapsed input_MiB output_MiB
     new 3000 9000 DataStandard         2   0.188 0.8963699   1.145813
 heap_highwater_MiB heap_increment_MiB
               90.6               53.6
 version    n rows          fun replicate elapsed input_MiB output_MiB
     new 3000 9000 DataStandard         3   0.197 0.8963699   1.145813
 heap_highwater_MiB heap_increment_MiB
               90.6               53.6
 version     n  rows     fun replicate elapsed input_MiB  output_MiB
     new 10000 30000 Mapping         1       0  2.979195 0.002807617
 heap_highwater_MiB heap_increment_MiB
               39.5                  0
 version     n  rows     fun replicate elapsed input_MiB  output_MiB
     new 10000 30000 Mapping         2       0  2.979195 0.002807617
 heap_highwater_MiB heap_increment_MiB
               39.1                  0
 version     n  rows     fun replicate elapsed input_MiB  output_MiB
     new 10000 30000 Mapping         3       0  2.979195 0.002807617
 heap_highwater_MiB heap_increment_MiB
               39.1                  0
 version     n  rows       fun replicate elapsed input_MiB output_MiB
     new 10000 30000 DataCheck         1   0.232  2.979195 0.02184296
 heap_highwater_MiB heap_increment_MiB
               92.2               53.1
 version     n  rows       fun replicate elapsed input_MiB output_MiB
     new 10000 30000 DataCheck         2   0.226  2.979195 0.02184296
 heap_highwater_MiB heap_increment_MiB
               92.2               53.1
 version     n  rows       fun replicate elapsed input_MiB output_MiB
     new 10000 30000 DataCheck         3   0.226  2.979195 0.02184296
 heap_highwater_MiB heap_increment_MiB
               92.2               53.1
 version     n  rows          fun replicate elapsed input_MiB output_MiB
     new 10000 30000 DataStandard         1   0.538  2.979195   3.682587
 heap_highwater_MiB heap_increment_MiB
              102.6               63.5
 version     n  rows          fun replicate elapsed input_MiB output_MiB
     new 10000 30000 DataStandard         2   0.541  2.979195   3.682587
 heap_highwater_MiB heap_increment_MiB
              102.6               63.5
 version     n  rows          fun replicate elapsed input_MiB output_MiB
     new 10000 30000 DataStandard         3   0.533  2.979195   3.682587
 heap_highwater_MiB heap_increment_MiB
              102.6               63.5
 version     n  rows     fun replicate elapsed input_MiB  output_MiB
     new 30000 90000 Mapping         1       0  8.930122 0.002807617
 heap_highwater_MiB heap_increment_MiB
               45.1                  0
 version     n  rows     fun replicate elapsed input_MiB  output_MiB
     new 30000 90000 Mapping         2       0  8.930122 0.002807617
 heap_highwater_MiB heap_increment_MiB
               45.1                  0
 version     n  rows     fun replicate elapsed input_MiB  output_MiB
     new 30000 90000 Mapping         3       0  8.930122 0.002807617
 heap_highwater_MiB heap_increment_MiB
               45.1                  0
 version     n  rows       fun replicate elapsed input_MiB output_MiB
     new 30000 90000 DataCheck         1   0.702  8.930122 0.02184296
 heap_highwater_MiB heap_increment_MiB
              101.1                 56
 version     n  rows       fun replicate elapsed input_MiB output_MiB
     new 30000 90000 DataCheck         2   0.675  8.930122 0.02184296
 heap_highwater_MiB heap_increment_MiB
              101.1                 56
 version     n  rows       fun replicate elapsed input_MiB output_MiB
     new 30000 90000 DataCheck         3   0.655  8.930122 0.02184296
 heap_highwater_MiB heap_increment_MiB
              101.1                 56
 version     n  rows          fun replicate elapsed input_MiB output_MiB
     new 30000 90000 DataStandard         1   1.641  8.930122   10.93051
 heap_highwater_MiB heap_increment_MiB
              101.3               56.2
 version     n  rows          fun replicate elapsed input_MiB output_MiB
     new 30000 90000 DataStandard         2   1.704  8.930122   10.93051
 heap_highwater_MiB heap_increment_MiB
              115.2               70.1
 version     n  rows          fun replicate elapsed input_MiB output_MiB
     new 30000 90000 DataStandard         3   1.628  8.930122   10.93051
 heap_highwater_MiB heap_increment_MiB
              115.4               70.3
 version      n   rows     fun replicate elapsed input_MiB  output_MiB
     new 100000 300000 Mapping         1   0.001  29.75837 0.002807617
 heap_highwater_MiB heap_increment_MiB
               65.9                  0
 version      n   rows     fun replicate elapsed input_MiB  output_MiB
     new 100000 300000 Mapping         2   0.001  29.75837 0.002807617
 heap_highwater_MiB heap_increment_MiB
               65.9                  0
 version      n   rows     fun replicate elapsed input_MiB  output_MiB
     new 100000 300000 Mapping         3       0  29.75837 0.002807617
 heap_highwater_MiB heap_increment_MiB
               65.9                  0
 version      n   rows       fun replicate elapsed input_MiB output_MiB
     new 100000 300000 DataCheck         1   2.379  29.75837 0.02184296
 heap_highwater_MiB heap_increment_MiB
              233.8              167.9
 version      n   rows       fun replicate elapsed input_MiB output_MiB
     new 100000 300000 DataCheck         2   2.203  29.75837 0.02184296
 heap_highwater_MiB heap_increment_MiB
              197.6              130.2
 version      n   rows       fun replicate elapsed input_MiB output_MiB
     new 100000 300000 DataCheck         3   2.298  29.75837 0.02184296
 heap_highwater_MiB heap_increment_MiB
              197.6              130.2
 version      n   rows          fun replicate elapsed input_MiB output_MiB
     new 100000 300000 DataStandard         1   5.291  29.75837   36.29825
 heap_highwater_MiB heap_increment_MiB
              227.8              160.4
 version      n   rows          fun replicate elapsed input_MiB output_MiB
     new 100000 300000 DataStandard         2   5.323  29.75837   36.29825
 heap_highwater_MiB heap_increment_MiB
              255.6              188.2
 version      n   rows          fun replicate elapsed input_MiB output_MiB
     new 100000 300000 DataStandard         3   5.631  29.75837   36.29825
 heap_highwater_MiB heap_increment_MiB
              248.7              181.3
